
> backend@1.0.0 test
> cross-env NODE_ENV=test jest --detectOpenHandles --runInBand tests/return_policy.test.js

  console.log
    [dotenv@17.2.3] injecting env (19) from .env -- tip: ≡ƒöæ add access controls to secrets: https://dotenvx.com/ops

      at _log (node_modules/dotenv/lib/main.js:142:11)

[0mPOST /api/users/login [32m200[0m 85.804 ms - 301[0m
[0mPOST /api/users/login [32m200[0m 62.542 ms - 302[0m
[0mPOST /api/returns [33m400[0m 18.628 ms - 80[0m
[0mPOST /api/returns [32m201[0m 20.690 ms - 266[0m
  console.log
    Γ£à Return status email sent to user_test@example.com for status: Approved

      at log (utils/emailService.js:342:17)

[0mPUT /api/returns/69916b6e2d7e5316d7565b81/status [32m200[0m 2830.103 ms - 266[0m
node.exe : (node:39024) Warning: `--localstorage-file` was 
provided without a valid path
At line:1 char:1
+ & "C:\Program Files\nodejs/node.exe" "C:\Program 
Files\nodejs/node_mo ...
+ ~~~~~~~~~~~~~~~~~~~~~~~~~~~~~~~~~~~~~~~~~~~~~~~~~~~~~~~~~~~~
~~~~~~~~~
    + CategoryInfo          : NotSpecified: ((node:39024) Wa. 
   ..ut a valid path:String) [], RemoteException
    + FullyQualifiedErrorId : NativeCommandError
 
(Use `node --trace-warnings ...` to show where the warning 
was created)
PASS tests/return_policy.test.js
  Return Policy and GST Logic
    ΓêÜ Return request fails after 7 days (32 ms)
    ΓêÜ Return request succeeds within 7 days and is not 
auto-approved (31 ms)
    ΓêÜ Admin can change return type and approve (2844 ms)

Test Suites: 1 passed, 1 total
Tests:       3 passed, 3 total
Snapshots:   0 total
Time:        4.425 s
Ran all test suites matching tests/return_policy.test.js.
